\BOOKMARK [0][-]{chapter*.2}{\376\377\000M\036\345\000c\000\040\000t\000i\000\352\000u\000\040\000b\000\340\000i\000\040\000h\036\315\000c}{}% 1
\BOOKMARK [0][-]{chapter.1}{\376\377\000N\000h\036\257\000c\000\040\000l\036\241\000i\000\040\000b\000\340\000i\000\040\000t\000o\000\341\000n\000\040\000h\036\315\000c\000\040\000c\000\363\000\040\000g\000i\000\341\000m\000\040\000s\000\341\000t}{}% 2
\BOOKMARK [1][-]{section.1.1}{\376\377\000M\036\241\000n\000g\000\040\000n\001\241\000-\000r\000o\000n\000\040\000c\036\247\000n\000\040\000h\036\315\000c\000\040\000\341\000n\000h\000\040\000x\036\241}{chapter.1}% 3
\BOOKMARK [1][-]{section.1.2}{\376\377\000D\036\357\000\040\000l\000i\036\307\000u\000\040\000t\000r\000o\000n\000g\000\040\000h\036\315\000c\000\040\000c\000\363\000\040\000g\000i\000\341\000m\000\040\000s\000\341\000t}{chapter.1}% 4
\BOOKMARK [0][-]{chapter.2}{\376\377\000T\000h\000\364\000n\000g\000\040\000s\036\321\000\040\000b\000a\000n\000\040\001\021\036\247\000u\000\040\000c\036\347\000a\000\040\000m\036\241\000n\000g\000\040\000n\001\241\000-\000r\000o\000n}{}% 5
\BOOKMARK [1][-]{section.2.1}{\376\377\000T\000h\000a\000m\000\040\000s\036\321\000\040\000c\036\347\000a\000\040\000t\036\353\000n\000g\000\040\000n\001\241\000-\000r\000o\000n}{chapter.2}% 6
\BOOKMARK [1][-]{section.2.2}{\376\377\000M\036\241\000n\000g\000\040\000c\000\363\000\040\000r\036\245\000t\000\040\000n\000h\000i\036\301\000u\000\040\000t\000h\000a\000m\000\040\000s\036\321}{chapter.2}% 7
\BOOKMARK [1][-]{section.2.3}{\376\377\000K\000h\036\337\000i\000\040\000t\036\241\000o\000\040\000n\000g\036\253\000u\000\040\000n\000h\000i\000\352\000n}{chapter.2}% 8
\BOOKMARK [1][-]{section.2.4}{\376\377\000V\000\354\000\040\000s\000a\000o\000\040\000o\000u\000t\000p\000u\000t\000\040\000b\000a\000n\000\040\001\021\036\247\000u\000\040\000t\000h\001\260\036\335\000n\000g\000\040\000s\000a\000i\000?}{chapter.2}% 9
\BOOKMARK [0][-]{chapter.3}{\376\377\000L\000a\000n\000\040\000t\000r\000u\000y\036\301\000n\000\040\000t\000i\036\277\000n}{}% 10
\BOOKMARK [1][-]{section.3.1}{\376\377\000\335\000\040\000t\001\260\036\337\000n\000g\000\040\000c\036\347\000a\000\040\000l\000a\000n\000\040\000t\000r\000u\000y\036\301\000n\000\040\000t\000i\036\277\000n}{chapter.3}% 11
\BOOKMARK [1][-]{section.3.2}{\376\377\000S\001\241\000\040\001\021\036\323\000\040\000l\000a\000n\000\040\000t\000r\000u\000y\036\301\000n\000\040\000t\000i\036\277\000n}{chapter.3}% 12
\BOOKMARK [1][-]{section.3.3}{\376\377\000L\000a\000n\000\040\000t\000r\000u\000y\036\301\000n\000\040\000t\000i\036\277\000n\000\040\000q\000u\000a\000\040\000n\000h\000i\036\301\000u\000\040\000l\036\333\000p}{chapter.3}% 13
\BOOKMARK [0][-]{chapter.4}{\376\377\000S\000a\000i\000\040\000s\036\321\000\040\000v\000\340\000\040\000\375\000\040\000t\001\260\036\337\000n\000g\000\040\000h\000u\036\245\000n\000\040\000l\000u\000y\036\307\000n}{}% 14
\BOOKMARK [1][-]{section.4.1}{\376\377\000S\000o\000\040\000s\000\341\000n\000h\000\040\000o\000u\000t\000p\000u\000t\000\040\000d\036\361\000\040\001\021\000o\000\341\000n\000\040\000v\036\333\000i\000\040\000o\000u\000t\000p\000u\000t\000\040\000m\000o\000n\000g\000\040\000m\000u\036\321\000n}{chapter.4}% 15
\BOOKMARK [1][-]{section.4.2}{\376\377\000H\000\340\000m\000\040\000m\036\245\000t\000\040\000m\000\341\000t}{chapter.4}% 16
\BOOKMARK [1][-]{section.4.3}{\376\377\000H\000u\036\245\000n\000\040\000l\000u\000y\036\307\000n\000\040\000l\000\340\000\040\000g\000i\036\243\000m\000\040\000s\000a\000i\000\040\000s\036\321}{chapter.4}% 17
\BOOKMARK [0][-]{chapter.5}{\376\377\000L\000a\000n\000\040\000t\000r\000u\000y\036\301\000n\000\040\000n\000g\001\260\036\343\000c\000\040\000s\000a\000i\000\040\000s\036\321}{}% 18
\BOOKMARK [1][-]{section.5.1}{\376\377\000B\000a\000c\000k\000p\000r\000o\000p\000a\000g\000a\000t\000i\000o\000n\000\040\000l\000\340\000\040\000g\000\354\000?}{chapter.5}% 19
\BOOKMARK [1][-]{section.5.2}{\376\377\000\335\000\040\000t\001\260\036\337\000n\000g\000\040\000t\000r\036\361\000c\000\040\000q\000u\000a\000n}{chapter.5}% 20
\BOOKMARK [1][-]{section.5.3}{\376\377\000C\036\255\000p\000\040\000n\000h\036\255\000t\000\040\000t\036\353\000n\000g\000\040\000b\001\260\036\333\000c}{chapter.5}% 21
\BOOKMARK [1][-]{section.5.4}{\376\377\000L\000i\000\352\000n\000\040\000h\036\307\000\040\000v\036\333\000i\000\040\001\021\000i\036\301\000u\000\040\000k\000h\000i\036\303\000n\000\040\000t\036\361\000\040\001\021\036\331\000n\000g}{chapter.5}% 22
\BOOKMARK [0][-]{chapter.6}{\376\377\000Q\000u\000\341\000\040\000t\000r\000\354\000n\000h\000\040\000h\000u\036\245\000n\000\040\000l\000u\000y\036\307\000n\000\040\000l\036\267\000p}{}% 23
\BOOKMARK [1][-]{section.6.1}{\376\377\000H\000u\036\245\000n\000\040\000l\000u\000y\036\307\000n\000\040\000q\000u\000a\000\040\000t\036\353\000n\000g\000\040\000m\036\253\000u}{chapter.6}% 24
\BOOKMARK [1][-]{section.6.2}{\376\377\000E\000p\000o\000c\000h}{chapter.6}% 25
\BOOKMARK [1][-]{section.6.3}{\376\377\000V\000\354\000\040\000s\000a\000o\000\040\000c\036\247\000n\000\040\000l\036\267\000p\000\040\000n\000h\000i\036\301\000u\000\040\000l\036\247\000n\000?}{chapter.6}% 26
\BOOKMARK [1][-]{section.6.4}{\376\377\000T\000h\036\335\000i\000\040\000g\000i\000a\000n\000\040\000h\000u\036\245\000n\000\040\000l\000u\000y\036\307\000n}{chapter.6}% 27
\BOOKMARK [0][-]{chapter.7}{\376\377\000B\000\340\000i\000\040\000t\000o\000\341\000n\000\040\000p\000h\000\342\000n\000\040\000l\000o\036\241\000i\000\040\000n\000h\000i\036\301\000u\000\040\000l\036\333\000p}{}% 28
\BOOKMARK [1][-]{section.7.1}{\376\377\000K\000h\000\341\000i\000\040\000n\000i\036\307\000m\000\040\000c\000l\000a\000s\000s}{chapter.7}% 29
\BOOKMARK [1][-]{section.7.2}{\376\377\000T\000h\000i\036\277\000t\000\040\000k\036\277\000\040\000o\000u\000t\000p\000u\000t\000\040\000c\000h\000o\000\040\000b\000\340\000i\000\040\000t\000o\000\341\000n\000\040\000n\000h\000i\036\301\000u\000\040\000l\036\333\000p}{chapter.7}% 30
\BOOKMARK [2][-]{subsection.7.2.1}{\376\377\000C\000\341\000c\000h\000\040\0001\000:\000\040\000M\036\331\000t\000\040\000o\000u\000t\000p\000u\000t\000\040\000n\000h\036\255\000n\000\040\000g\000i\000\341\000\040\000t\000r\036\313\000\040\0001\000,\000\040\0002\000,\000\040\0003\000,\000\040\0004}{section.7.2}% 31
\BOOKMARK [2][-]{subsection.7.2.2}{\376\377\000C\000\341\000c\000h\000\040\0002\000:\000\040\000H\000a\000i\000\040\000o\000u\000t\000p\000u\000t\000\040\000t\000h\000e\000o\000\040\000m\000\343\000\040\000n\000h\036\313\000\040\000p\000h\000\342\000n}{section.7.2}% 32
\BOOKMARK [2][-]{subsection.7.2.3}{\376\377\000C\000\341\000c\000h\000\040\0003\000:\000\040\000B\036\321\000n\000\040\000o\000u\000t\000p\000u\000t\000\040\000t\000h\000e\000o\000\040\000o\000n\000e\000-\000h\000o\000t\000\040\000v\000e\000c\000t\000o\000r}{section.7.2}% 33
\BOOKMARK [0][-]{chapter.8}{\376\377\000O\000n\000e\000-\000h\000o\000t\000\040\000e\000n\000c\000o\000d\000i\000n\000g}{}% 34
\BOOKMARK [1][-]{section.8.1}{\376\377\000O\000n\000e\000-\000h\000o\000t\000\040\000v\000e\000c\000t\000o\000r\000\040\000l\000\340\000\040\000g\000\354\000?}{chapter.8}% 35
\BOOKMARK [1][-]{section.8.2}{\376\377\000B\036\243\000n\000g\000\040\000m\000\343\000\040\000h\000\363\000a\000\040\000o\000n\000e\000-\000h\000o\000t}{chapter.8}% 36
\BOOKMARK [1][-]{section.8.3}{\376\377\000O\000u\000t\000p\000u\000t\000\040\000d\036\361\000\040\001\021\000o\000\341\000n\000\040\000c\036\347\000a\000\040\000m\036\241\000n\000g}{chapter.8}% 37
\BOOKMARK [0][-]{chapter.9}{\376\377\001\020\000o\000\040\000s\000a\000i\000\040\000s\036\321\000\040\000g\000i\036\357\000a\000\040\000h\000a\000i\000\040\000v\000e\000c\000t\000o\000r}{}% 38
\BOOKMARK [1][-]{section.9.1}{\376\377\000V\000\354\000\040\000s\000a\000o\000\040\000c\036\247\000n\000\040\001\021\000o\000\040\000s\000a\000i\000\040\000s\036\321\000\040\000g\000i\036\357\000a\000\040\000h\000a\000i\000\040\000v\000e\000c\000t\000o\000r\000?}{chapter.9}% 39
\BOOKMARK [0][-]{chapter.10}{\376\377\000H\000\340\000m\000\040\000m\036\245\000t\000\040\000m\000\341\000t\000\040\000d\036\361\000a\000\040\000t\000r\000\352\000n\000\040\000c\000h\000u\036\251\000n\000\040\000L\0002\000\040\000-\000\040\000N\000O\000R\000M\000\040\0002}{}% 40
\BOOKMARK [1][-]{section.10.1}{\376\377\000C\000h\000u\036\251\000n\000\040\000L\0002\000\040\000c\036\347\000a\000\040\000v\000e\000c\000t\000o\000r}{chapter.10}% 41
\BOOKMARK [1][-]{section.10.2}{\376\377\000S\000a\000i\000\040\000s\036\321\000\040\000L\0002\000\040\000g\000i\036\357\000a\000\040\000h\000a\000i\000\040\000v\000e\000c\000t\000o\000r}{chapter.10}% 42
\BOOKMARK [1][-]{section.10.3}{\376\377\000V\000\355\000\040\000d\036\345\000\040\000t\000\355\000n\000h\000\040\000s\000a\000i\000\040\000s\036\321\000\040\000L\0002}{chapter.10}% 43
\BOOKMARK [0][-]{chapter.11}{\376\377\001\020\000o\000\040\000k\000h\000\341\000c\000\040\000b\000i\036\307\000t\000\040\000b\036\261\000n\000g\000\040\000g\000\363\000c\000\040\000g\000i\036\357\000a\000\040\000h\000a\000i\000\040\000v\000e\000c\000t\000o\000r}{}% 44
\BOOKMARK [1][-]{section.11.1}{\376\377\000T\000\355\000c\000h\000\040\000v\000\364\000\040\000h\001\260\036\333\000n\000g}{chapter.11}% 45
\BOOKMARK [1][-]{section.11.2}{\376\377\000G\000\363\000c\000\040\000g\000i\036\357\000a\000\040\000h\000a\000i\000\040\000v\000e\000c\000t\000o\000r}{chapter.11}% 46
\BOOKMARK [1][-]{section.11.3}{\376\377\000\335\000\040\000n\000g\000h\001\051\000a}{chapter.11}% 47
\BOOKMARK [1][-]{section.11.4}{\376\377\000C\000o\000s\000i\000n\000e\000\040\000s\000i\000m\000i\000l\000a\000r\000i\000t\000y}{chapter.11}% 48
\BOOKMARK [0][-]{chapter.12}{\376\377\000C\000r\000o\000s\000s\000\040\000e\000n\000t\000r\000o\000p\000y}{}% 49
\BOOKMARK [1][-]{section.12.1}{\376\377\000\335\000\040\000t\001\260\036\337\000n\000g\000\040\000c\036\347\000a\000\040\000c\000r\000o\000s\000s\000\040\000e\000n\000t\000r\000o\000p\000y}{chapter.12}% 50
\BOOKMARK [1][-]{section.12.2}{\376\377\000C\000r\000o\000s\000s\000\040\000e\000n\000t\000r\000o\000p\000y\000\040\000v\036\333\000i\000\040\000o\000n\000e\000-\000h\000o\000t\000\040\000l\000a\000b\000e\000l}{chapter.12}% 51
\BOOKMARK [1][-]{section.12.3}{\376\377\000V\000\355\000\040\000d\036\345\000\040\000t\000\355\000n\000h\000\040\000c\000r\000o\000s\000s\000\040\000e\000n\000t\000r\000o\000p\000y}{chapter.12}% 52
\BOOKMARK [1][-]{section.12.4}{\376\377\000S\000o\000\040\000s\000\341\000n\000h\000\040\000c\000\341\000c\000\040\000c\000\341\000c\000h\000\040\001\021\000o\000\040\000s\000a\000i\000\040\000s\036\321}{chapter.12}% 53
\BOOKMARK [0][-]{chapter.13}{\376\377\000M\000\364\000\040\000h\000\354\000n\000h\000\040\000h\036\315\000c\000\040\001\021\001\260\036\343\000c\000\040\000n\000h\036\357\000n\000g\000\040\000g\000\354\000?}{}% 54
\BOOKMARK [1][-]{section.13.1}{\376\377\000M\000\364\000\040\000h\000\354\000n\000h\000\040\000c\000h\036\311\000\040\000h\036\315\000c\000\040\000t\000r\000o\000n\000g\000\040\000p\000h\036\241\000m\000\040\000v\000i\000\040\000d\036\357\000\040\000l\000i\036\307\000u\000\040\001\021\001\260\036\343\000c\000\040\000d\036\241\000y}{chapter.13}% 55
\BOOKMARK [1][-]{section.13.2}{\376\377\000S\036\321\000\040\000l\001\260\036\343\000n\000g\000\040\000c\000l\000a\000s\000s\000\040\000t\000r\000o\000n\000g\000\040\000c\000\341\000c\000\040\000b\036\331\000\040\000d\036\357\000\040\000l\000i\036\307\000u\000\040\000l\036\333\000n}{chapter.13}% 56
\BOOKMARK [1][-]{section.13.3}{\376\377\000K\000h\000\364\000n\000g\000\040\000p\000h\036\243\000i\000\040\000c\036\351\000\040\000h\000u\036\245\000n\000\040\000l\000u\000y\036\307\000n\000\040\000l\000\340\000\040\000t\000h\000\340\000n\000h\000\040\000c\000\364\000n\000g}{chapter.13}% 57
\BOOKMARK [0][-]{chapter.14}{\376\377\000T\036\325\000n\000g\000\040\000h\036\343\000p\000\040\000q\000u\000y\000\040\000t\000r\000\354\000n\000h\000\040\000h\000u\036\245\000n\000\040\000l\000u\000y\036\307\000n\000\040\000A\000N\000N}{}% 58
\BOOKMARK [1][-]{section.14.1}{\376\377\000Q\000u\000y\000\040\000t\000r\000\354\000n\000h\000\040\000t\036\325\000n\000g\000\040\000q\000u\000\341\000t}{chapter.14}% 59
\BOOKMARK [1][-]{section.14.2}{\376\377\000S\001\241\000\040\001\021\036\323\000\040\000t\036\325\000n\000g\000\040\000q\000u\000\341\000t}{chapter.14}% 60
\BOOKMARK [0][-]{chapter.15}{\376\377\000B\036\243\000n\000g\000\040\000t\000h\000u\036\255\000t\000\040\000n\000g\036\357\000\040\000c\000h\000u\000y\000\352\000n\000\040\000n\000g\000\340\000n\000h}{}% 61
\BOOKMARK [0][-]{chapter.16}{\376\377\000T\000\363\000m\000\040\000t\036\257\000t\000\040\000k\000i\036\277\000n\000\040\000t\000h\036\351\000c\000\040\000t\000r\036\315\000n\000g\000\040\000t\000\342\000m}{}% 62
\BOOKMARK [1][-]{section.16.1}{\376\377\000C\000\341\000c\000\040\000\375\000\040\000c\000h\000\355\000n\000h\000\040\000c\036\247\000n\000\040\000n\000h\036\333}{chapter.16}% 63
\BOOKMARK [1][-]{section.16.2}{\376\377\000C\000\364\000n\000g\000\040\000t\000h\036\351\000c\000\040\000q\000u\000a\000n\000\040\000t\000r\036\315\000n\000g}{chapter.16}% 64
\BOOKMARK [0][-]{chapter.17}{\376\377\000C\000\342\000u\000\040\000h\036\317\000i\000\040\000\364\000n\000\040\000t\036\255\000p}{}% 65
\BOOKMARK [0][-]{chapter.18}{\376\377\000B\000\340\000i\000\040\000t\036\255\000p\000\040\000v\036\255\000n\000\040\000d\036\345\000n\000g}{}% 66
\BOOKMARK [1][-]{section*.9}{\376\377\000B\000\340\000i\000\040\000t\036\255\000p\000\040\0001\000:\000\040\000O\000n\000e\000-\000h\000o\000t\000\040\000e\000n\000c\000o\000d\000i\000n\000g}{chapter.18}% 67
\BOOKMARK [1][-]{section*.11}{\376\377\000B\000\340\000i\000\040\000t\036\255\000p\000\040\0002\000:\000\040\000T\000\355\000n\000h\000\040\000c\000h\000u\036\251\000n\000\040\000L\0002}{chapter.18}% 68
\BOOKMARK [1][-]{section*.13}{\376\377\000B\000\340\000i\000\040\000t\036\255\000p\000\040\0003\000:\000\040\000T\000\355\000n\000h\000\040\000c\000r\000o\000s\000s\000\040\000e\000n\000t\000r\000o\000p\000y}{chapter.18}% 69
\BOOKMARK [1][-]{section*.15}{\376\377\000B\000\340\000i\000\040\000t\036\255\000p\000\040\0004\000:\000\040\000X\000\341\000c\000\040\001\021\036\313\000n\000h\000\040\000o\000u\000t\000p\000u\000t\000\040\000l\000a\000y\000e\000r}{chapter.18}% 70
\BOOKMARK [0][-]{chapter*.17}{\376\377\000K\036\277\000t\000\040\000l\000u\036\255\000n}{}% 71
